// Jest Snapshot v1, https://goo.gl/fbAQLP

exports[`Card it renders when passed text and emoji fields 1`] = `
<div
  className="card"
>
  <section
    className="card__content"
  >
    <h4 />
    <button
      className="card__delete"
      onClick={[Function]}
      type="button"
    >
      Delete
    </button>
  </section>
</div>
`;
